[www.vipuljha.com/index.html]
[backblue.gif]
[fade.gif]
[index.html]
[www.vipuljha.com/images/icons/fevicon.png]
[stackpath.bootstrapcdn.com/bootstrap/4.3.1/css/bootstrap.min.css]
[cdn.jsdelivr.net/gh/fancyapps/fancybox@3.5.7/dist/jquery.fancybox.min.css]
[cdnjs.cloudflare.com/ajax/libs/font-awesome/5.11.2/css/all.css]
[www.vipuljha.com/css/style.css]
[d33wubrfki0l68.cloudfront.net/f1a8865892e6ccc7892a0c57d30e21737fcbbb4e/80314/images/slide1.jpg]
[d33wubrfki0l68.cloudfront.net/a9ffa057ed14a90764d6a73a780b128dfa009277/a5a47/images/slide2.jpg]
[d33wubrfki0l68.cloudfront.net/105363adc618b25e3b5a700d5d11148b872ff6c1/c2201/images/slide3.jpg]
[d33wubrfki0l68.cloudfront.net/e438a62891028f00f0e16fdd3f2cda77a7e63e3b/c2144/images/slide4.jpg]
[www.vipuljha.com/blog.9.delayed]
[d33wubrfki0l68.cloudfront.net/771437ff4f998fdf34949af79b0f6d69c42cf6b9/77ecf/images/profile.jpg]
[d33wubrfki0l68.cloudfront.net/b9d525e78aac957edc50452fb88b62909c5839b2/2718f/images/thumbnails/techfluethumb.jpg]
[www.vipuljha.com/files/resume.pdf]
[d33wubrfki0l68.cloudfront.net/7f4bae0d0032c922e934ddfc1bbd8976a0327257/04a07/images/thumbnails/aitcthumb.jpg]
[www.vipuljha.com/images/portfolio/aitc.jpg]
[d33wubrfki0l68.cloudfront.net/4e553690431c05be4ec537c2b55c828682332be1/ea481/images/thumbnails/foodsterthumb.jpg]
[www.vipuljha.com/images/portfolio/foodster.jpg]
[d33wubrfki0l68.cloudfront.net/ac871c95fee1caf258fdfd32d46b21a8536a760c/2e08d/images/thumbnails/dopetechthumb.jpg]
[www.vipuljha.com/images/portfolio/dopetech.jpg]
[d33wubrfki0l68.cloudfront.net/ea50afb9ff1c96b7305ccf35e2d8bd9e8f9f631a/433a0/images/thumbnails/ebmidothumb.jpg]
[d33wubrfki0l68.cloudfront.net/7e1fe3dfd3bd4cd1193e82982cc0f6872e09bf36/19d81/images/thumbnails/ebsproutthumb.jpg]
[www.vipuljha.com/images/portfolio/ebsprout.jpg]
[d33wubrfki0l68.cloudfront.net/02dde000c64d4072786dd4a26182e5f3277f2715/ccfdd/images/thumbnails/vipulthumb.jpg]
[www.vipuljha.com/images/portfolio/vipul.jpg]
[d33wubrfki0l68.cloudfront.net/e232cc761ed23c3b8863c3f31c385dfa6f2cd11e/df619/images/thumbnails/blissthumb.jpg]
[www.vipuljha.com/images/portfolio/bliss.jpg]
[d33wubrfki0l68.cloudfront.net/889dff24beff5111ec3ca6d2dbf1c14e832e5d8c/2c26e/images/thumbnails/lineagethumb.jpg]
[www.vipuljha.com/images/portfolio/lineage.jpg]
[d33wubrfki0l68.cloudfront.net/e8f26681ecea07f962c864a770419f56fbfe7a04/33ae9/images/thumbnails/carbonthumb.jpg]
[www.vipuljha.com/images/portfolio/carbon.jpg]
[d33wubrfki0l68.cloudfront.net/132d73c4c262161fd7694d3f8345ba950b866948/c0e4d/images/thumbnails/absthumb.jpg]
[www.vipuljha.com/images/portfolio/abs.jpg]
[d33wubrfki0l68.cloudfront.net/a47ec1512e5ecbf5cb03a729b800a7b24c82254d/54c26/images/thumbnails/newsthumb.jpg]
[www.vipuljha.com/images/portfolio/news.jpg]
[d33wubrfki0l68.cloudfront.net/f27e58adcd72c72a8721107307d3984daa2bc7bc/7a641/images/thumbnails/snapthumb.jpg]
[www.vipuljha.com/images/portfolio/snap.jpg]
[d33wubrfki0l68.cloudfront.net/432759f8f8a03b6e5fa97db1075cf8ab58ab3e16/db981/images/thumbnails/udelerthumb.jpg]
[www.vipuljha.com/images/portfolio/udeler.jpg]
[d33wubrfki0l68.cloudfront.net/f2fd3d7bf3d20b944d84bbc3df839365f1d39571/1fe2b/images/thumbnails/cappsthumb.jpg]
[www.vipuljha.com/images/portfolio/capps.jpg]
[d33wubrfki0l68.cloudfront.net/c2da94dacc26d172f70ce8bc9a7cc123f7b94996/73837/images/thumbnails/cafthumb.jpg]
[www.vipuljha.com/images/portfolio/caf.jpg]
[ajax.googleapis.com/ajax/libs/jquery/3.4.1/jquery.min.js]
[www.vipuljha.com/js/security.js]
[www.vipuljha.com/js/jquery.superslides.min.js]
[cdn.jsdelivr.net/gh/fancyapps/fancybox@3.5.7/dist/jquery.fancybox.min.js]
[www.vipuljha.com/js/countUp.js]
[unpkg.com/isotope-layout@3.0.6/dist/isotope.pkgd.min.js]
[www.vipuljha.com/js/countUp-jquery.js]
[www.vipuljha.com/js/typed.min.js]
[cdnjs.cloudflare.com/ajax/libs/popper.js/1.14.7/umd/popper.min.js]
[stackpath.bootstrapcdn.com/bootstrap/4.3.1/js/bootstrap.min.js]
[www.vipuljha.com/js/script.js]
[www.vipuljha.com/index.html]
[stackpath.bootstrapcdn.com/bootstrap/4.3.1/css/bootstrap.min.css]
[cdn.jsdelivr.net/gh/fancyapps/fancybox@3.5.7/dist/jquery.fancybox.min.css]
[cdnjs.cloudflare.com/ajax/libs/font-awesome/5.11.2/css/all.css]
[www.vipuljha.com/css/superslides.css]
[www.vipuljha.com/images/icons/previous.png]
[www.vipuljha.com/images/icons/next.png]
[www.vipuljha.com/images/icons/menu.png]
[www.vipuljha.com/images/loader.gif]
[www.vipuljha.com/css/style.css]
[www.vipuljha.com/blog.html]
[www.vipuljha.com/images/portfolio/techflue.jpg]
[www.vipuljha.com/css/superslides.css]
[www.vipuljha.com/images/portfolio/ebmido.jpg]
[www.vipuljha.com/images/portfolio/news.jpg]
